Vivado Simulator 2018.2
Copyright 1986-1999, 2001-2018 Xilinx, Inc. All Rights Reserved.
Running: C:/Xilinx/Vivado/2018.2/bin/unwrapped/win64.o/xelab.exe -wto de2ff29ea0a9420a947d1f5d49990aa6 --incr --debug typical --relax --mt 2 -L xil_defaultlib -L unisims_ver -L unimacro_ver -L secureip --snapshot rv32_tb_behav xil_defaultlib.rv32_tb xil_defaultlib.glbl -log elaborate.log 
Using 2 slave threads.
Starting static elaboration
Completed static elaboration
Starting simulation data flow analysis
WARNING: [XSIM 43-4099] "C:/Users/Neha Nauman Khan/AYAT_RV32I/AYAT_RV32I.srcs/sources_1/new/rv32i.v" Line 1. Module rv32i doesn't have a timescale but at least one module in design has a timescale.
WARNING: [XSIM 43-4099] "C:/Users/Neha Nauman Khan/AYAT_RV32I/AYAT_RV32I.srcs/sources_1/new/CU.v" Line 2. Module CU doesn't have a timescale but at least one module in design has a timescale.
WARNING: [XSIM 43-4099] "C:/Users/Neha Nauman Khan/AYAT_RV32I/AYAT_RV32I.srcs/sources_1/new/main_decoder.v" Line 3. Module main_decoder doesn't have a timescale but at least one module in design has a timescale.
WARNING: [XSIM 43-4099] "C:/Users/Neha Nauman Khan/AYAT_RV32I/AYAT_RV32I.srcs/sources_1/new/alu_decoder.v" Line 3. Module alu_decoder doesn't have a timescale but at least one module in design has a timescale.
WARNING: [XSIM 43-4099] "C:/Users/Neha Nauman Khan/AYAT_RV32I/AYAT_RV32I.srcs/sources_1/new/mux.v" Line 2. Module mux doesn't have a timescale but at least one module in design has a timescale.
WARNING: [XSIM 43-4099] "C:/Users/Neha Nauman Khan/AYAT_RV32I/AYAT_RV32I.srcs/sources_1/new/pc.v" Line 1. Module pc doesn't have a timescale but at least one module in design has a timescale.
WARNING: [XSIM 43-4099] "C:/Users/Neha Nauman Khan/AYAT_RV32I/AYAT_RV32I.srcs/sources_1/new/inst_mem.v" Line 1. Module inst_mem doesn't have a timescale but at least one module in design has a timescale.
WARNING: [XSIM 43-4099] "C:/Users/Neha Nauman Khan/AYAT_RV32I/AYAT_RV32I.srcs/sources_1/new/register_file.v" Line 2. Module register_file doesn't have a timescale but at least one module in design has a timescale.
WARNING: [XSIM 43-4099] "C:/Users/Neha Nauman Khan/AYAT_RV32I/AYAT_RV32I.srcs/sources_1/new/imm_extender.v" Line 3. Module imm_extender doesn't have a timescale but at least one module in design has a timescale.
WARNING: [XSIM 43-4099] "C:/Users/Neha Nauman Khan/AYAT_RV32I/AYAT_RV32I.srcs/sources_1/new/mux.v" Line 2. Module mux doesn't have a timescale but at least one module in design has a timescale.
WARNING: [XSIM 43-4099] "C:/Users/Neha Nauman Khan/AYAT_RV32I/AYAT_RV32I.srcs/sources_1/new/alu.v" Line 2. Module alu doesn't have a timescale but at least one module in design has a timescale.
WARNING: [XSIM 43-4099] "C:/Users/Neha Nauman Khan/AYAT_RV32I/AYAT_RV32I.srcs/sources_1/new/data_memory.v" Line 1. Module data_memory doesn't have a timescale but at least one module in design has a timescale.
WARNING: [XSIM 43-4099] "C:/Users/Neha Nauman Khan/AYAT_RV32I/AYAT_RV32I.srcs/sources_1/new/mux.v" Line 2. Module mux doesn't have a timescale but at least one module in design has a timescale.
WARNING: [XSIM 43-4099] "C:/Users/Neha Nauman Khan/AYAT_RV32I/AYAT_RV32I.srcs/sources_1/new/adder.v" Line 1. Module adder doesn't have a timescale but at least one module in design has a timescale.
WARNING: [XSIM 43-4099] "C:/Users/Neha Nauman Khan/AYAT_RV32I/AYAT_RV32I.srcs/sources_1/new/adder.v" Line 1. Module adder doesn't have a timescale but at least one module in design has a timescale.
Completed simulation data flow analysis
Time Resolution for simulation is 1ps
Compiling module xil_defaultlib.main_decoder
Compiling module xil_defaultlib.alu_decoder
Compiling module xil_defaultlib.CU
Compiling module xil_defaultlib.mux
Compiling module xil_defaultlib.pc
Compiling module xil_defaultlib.inst_mem
Compiling module xil_defaultlib.register_file
Compiling module xil_defaultlib.imm_extender
Compiling module xil_defaultlib.alu
Compiling module xil_defaultlib.data_memory
Compiling module xil_defaultlib.adder
Compiling module xil_defaultlib.rv32i
Compiling module xil_defaultlib.rv32_tb
Compiling module xil_defaultlib.glbl
Built simulation snapshot rv32_tb_behav
