INFO: [VRFC 10-2263] Analyzing Verilog file "C:/Users/Neha Nauman Khan/AYAT_RV32I/AYAT_RV32I.srcs/sources_1/new/CU.v" into library xil_defaultlib
INFO: [VRFC 10-311] analyzing module CU
INFO: [VRFC 10-2263] Analyzing Verilog file "C:/Users/Neha Nauman Khan/AYAT_RV32I/AYAT_RV32I.srcs/sources_1/new/adder.v" into library xil_defaultlib
INFO: [VRFC 10-311] analyzing module adder
INFO: [VRFC 10-2263] Analyzing Verilog file "C:/Users/Neha Nauman Khan/AYAT_RV32I/AYAT_RV32I.srcs/sources_1/new/alu.v" into library xil_defaultlib
INFO: [VRFC 10-311] analyzing module alu
INFO: [VRFC 10-2263] Analyzing Verilog file "C:/Users/Neha Nauman Khan/AYAT_RV32I/AYAT_RV32I.srcs/sources_1/new/alu_decoder.v" into library xil_defaultlib
INFO: [VRFC 10-311] analyzing module alu_decoder
INFO: [VRFC 10-2263] Analyzing Verilog file "C:/Users/Neha Nauman Khan/AYAT_RV32I/AYAT_RV32I.srcs/sources_1/new/data_memory.v" into library xil_defaultlib
INFO: [VRFC 10-311] analyzing module data_memory
INFO: [VRFC 10-2263] Analyzing Verilog file "C:/Users/Neha Nauman Khan/AYAT_RV32I/AYAT_RV32I.srcs/sources_1/new/imm_extender.v" into library xil_defaultlib
INFO: [VRFC 10-311] analyzing module imm_extender
INFO: [VRFC 10-2263] Analyzing Verilog file "C:/Users/Neha Nauman Khan/AYAT_RV32I/AYAT_RV32I.srcs/sources_1/new/inst_mem.v" into library xil_defaultlib
INFO: [VRFC 10-311] analyzing module inst_mem
INFO: [VRFC 10-2263] Analyzing Verilog file "C:/Users/Neha Nauman Khan/AYAT_RV32I/AYAT_RV32I.srcs/sources_1/new/main_decoder.v" into library xil_defaultlib
INFO: [VRFC 10-311] analyzing module main_decoder
INFO: [VRFC 10-2263] Analyzing Verilog file "C:/Users/Neha Nauman Khan/AYAT_RV32I/AYAT_RV32I.srcs/sources_1/new/mux.v" into library xil_defaultlib
INFO: [VRFC 10-311] analyzing module mux
INFO: [VRFC 10-2263] Analyzing Verilog file "C:/Users/Neha Nauman Khan/AYAT_RV32I/AYAT_RV32I.srcs/sources_1/new/pc.v" into library xil_defaultlib
INFO: [VRFC 10-311] analyzing module pc
INFO: [VRFC 10-2263] Analyzing Verilog file "C:/Users/Neha Nauman Khan/AYAT_RV32I/AYAT_RV32I.srcs/sources_1/new/register_file.v" into library xil_defaultlib
INFO: [VRFC 10-311] analyzing module register_file
INFO: [VRFC 10-2263] Analyzing Verilog file "C:/Users/Neha Nauman Khan/AYAT_RV32I/AYAT_RV32I.srcs/sources_1/new/rv32i.v" into library xil_defaultlib
INFO: [VRFC 10-311] analyzing module rv32i
INFO: [VRFC 10-2263] Analyzing Verilog file "C:/Users/Neha Nauman Khan/AYAT_RV32I/AYAT_RV32I.srcs/sim_1/new/rv32_tb.v" into library xil_defaultlib
INFO: [VRFC 10-311] analyzing module rv32_tb
