Copyright 1986-2018 Xilinx, Inc. All Rights Reserved.
------------------------------------------------------------------------------------
| Tool Version : Vivado v.2018.2 (win64) Build 2258646 Thu Jun 14 20:03:12 MDT 2018
| Date         : Sun Feb 22 11:58:31 2026
| Host         : DESKTOP-107M463 running 64-bit major release  (build 9200)
| Command      : report_control_sets -verbose -file rv32i_control_sets_placed.rpt
| Design       : rv32i
| Device       : xc7a100t
------------------------------------------------------------------------------------

Control Set Information

Table of Contents
-----------------
1. Summary
2. Histogram
3. Flip-Flop Distribution
4. Detailed Control Set Information

1. Summary
----------

+----------------------------------------------------------+-------+
|                          Status                          | Count |
+----------------------------------------------------------+-------+
| Number of unique control sets                            |    34 |
| Unused register locations in slices containing registers |     6 |
+----------------------------------------------------------+-------+


2. Histogram
------------

+--------+--------------+
| Fanout | Control Sets |
+--------+--------------+
|     10 |            1 |
|    16+ |           33 |
+--------+--------------+


3. Flip-Flop Distribution
-------------------------

+--------------+-----------------------+------------------------+-----------------+--------------+
| Clock Enable | Synchronous Set/Reset | Asynchronous Set/Reset | Total Registers | Total Slices |
+--------------+-----------------------+------------------------+-----------------+--------------+
| No           | No                    | No                     |               0 |            0 |
| No           | No                    | Yes                    |              10 |            2 |
| No           | Yes                   | No                     |               0 |            0 |
| Yes          | No                    | No                     |             512 |          182 |
| Yes          | No                    | Yes                    |               0 |            0 |
| Yes          | Yes                   | No                     |               0 |            0 |
+--------------+-----------------------+------------------------+-----------------+--------------+


4. Detailed Control Set Information
-----------------------------------

+----------------+----------------------------+------------------+------------------+----------------+
|  Clock Signal  |        Enable Signal       | Set/Reset Signal | Slice Load Count | Bel Load Count |
+----------------+----------------------------+------------------+------------------+----------------+
|  clk_IBUF_BUFG |                            | rst_IBUF         |                2 |             10 |
|  clk_IBUF_BUFG | dut3/d_mem_reg[8][7][0]    |                  |                4 |             16 |
|  clk_IBUF_BUFG | dut3/E[0]                  |                  |                7 |             16 |
|  clk_IBUF_BUFG | dut3/d_mem_reg[15][0][0]   |                  |                7 |             16 |
|  clk_IBUF_BUFG | dut3/d_mem_reg[16][7][0]   |                  |                5 |             16 |
|  clk_IBUF_BUFG | dut3/d_mem_reg[12][7][0]   |                  |                3 |             16 |
|  clk_IBUF_BUFG | dut3/d_mem_reg[17][7][0]   |                  |                4 |             16 |
|  clk_IBUF_BUFG | dut3/d_mem_reg[0][7][0]    |                  |                5 |             16 |
|  clk_IBUF_BUFG | dut3/d_mem_reg[10][7][0]   |                  |                5 |             16 |
|  clk_IBUF_BUFG | dut3/d_mem_reg[13][7][0]   |                  |                8 |             16 |
|  clk_IBUF_BUFG | dut3/d_mem_reg[11][0][0]   |                  |                7 |             16 |
|  clk_IBUF_BUFG | dut3/d_mem_reg[14][7][0]   |                  |                7 |             16 |
|  clk_IBUF_BUFG | dut3/d_mem_reg[18][7][0]   |                  |                6 |             16 |
|  clk_IBUF_BUFG | dut3/d_mem_reg[25][7][0]   |                  |                3 |             16 |
|  clk_IBUF_BUFG | dut3/d_mem_reg[20][7][0]   |                  |                4 |             16 |
|  clk_IBUF_BUFG | dut3/d_mem_reg[1][7][0]    |                  |                5 |             16 |
|  clk_IBUF_BUFG | dut3/d_mem_reg[21][7][0]   |                  |                8 |             16 |
|  clk_IBUF_BUFG | dut3/d_mem_reg[19][0][0]   |                  |                8 |             16 |
|  clk_IBUF_BUFG | dut3/d_mem_reg[22][7][0]   |                  |                8 |             16 |
|  clk_IBUF_BUFG | dut3/d_mem_reg[24][7][0]   |                  |                3 |             16 |
|  clk_IBUF_BUFG | dut3/d_mem_reg[23][0][0]   |                  |                5 |             16 |
|  clk_IBUF_BUFG | dut3/d_mem_reg[26][7]_0[0] |                  |                5 |             16 |
|  clk_IBUF_BUFG | dut3/d_mem_reg[27][0][0]   |                  |                5 |             16 |
|  clk_IBUF_BUFG | dut3/d_mem_reg[29][7][0]   |                  |                8 |             16 |
|  clk_IBUF_BUFG | dut3/d_mem_reg[31][0][0]   |                  |                5 |             16 |
|  clk_IBUF_BUFG | dut3/d_mem_reg[28][7][0]   |                  |                5 |             16 |
|  clk_IBUF_BUFG | dut3/d_mem_reg[2][7][0]    |                  |                6 |             16 |
|  clk_IBUF_BUFG | dut3/d_mem_reg[3][0][0]    |                  |                7 |             16 |
|  clk_IBUF_BUFG | dut3/d_mem_reg[5][7][0]    |                  |                8 |             16 |
|  clk_IBUF_BUFG | dut3/d_mem_reg[4][7][0]    |                  |                2 |             16 |
|  clk_IBUF_BUFG | dut3/d_mem_reg[9][7]_0[0]  |                  |                5 |             16 |
|  clk_IBUF_BUFG | dut3/d_mem_reg[6][7][0]    |                  |                7 |             16 |
|  clk_IBUF_BUFG | dut3/d_mem_reg[7][0][0]    |                  |                7 |             16 |
|  clk_IBUF_BUFG | dut3/p_0_in                |                  |               12 |            192 |
+----------------+----------------------------+------------------+------------------+----------------+


